// Jest Snapshot v1, https://goo.gl/fbAQLP

exports[`Featurehub secrets Stack snapshot 1`] = `
Object {
  "Resources": Object {
    "FeaturehubDbPassword7AE87C12": Object {
      "Properties": Object {
        "GenerateSecretString": Object {
          "ExcludeCharacters": "%+~\`#$&*()|[]{}:;<>?!/@ \\\\\\"'",
        },
        "Name": "dev-featurehub-db-password",
      },
      "Type": "AWS::SecretsManager::Secret",
    },
  },
}
`;
